{
	"link": {
		"html/recurse/link01.html": [
			1
		],
		"html/recurse/link02.html": [
			1
		],
		"html/recurse/link03.html": [
			1
		],
		"html/recurse/link04.html": [
			1
		],
		"html/recurse/link05.html": [
			1
		],
		"html/recurse/link06.html": [
			1
		],
		"html/recurse/link07.html": [
			1
		],
		"html/recurse/link08.html": [
			1
		],
		"html/recurse/link09.html": [
			1
		],
		"html/recurse/link10.html": [
			1
		],
		"html/recurse/link11.html": [
			1
		],
		"html/recurse/link12.html": [
			1
		],
		"html/recurse/link13.html": [
			1
		],
		"html/recurse/link14.html": [
			1
		],
		"html/recurse/link15.html": [
			1
		],
		"html/recurse/link16.html": [
			1
		],
		"html/recurse/link17.html": [
			1
		],
		"html/recurse/link18.html": [
			1
		],
		"html/recurse/link19.html": [
			1
		],
		"html/recurse/link20.html": [
			1
		],
		"html/recurse/link21.html": [
			1
		],
		"html/recurse/link22.html": [
			1
		],
		"html/recurse/link23.html": [
			1
		],
		"html/recurse/link24.html": [
			1
		],
		"html/recurse/link25.html": [
			1
		],
		"html/recurse/link26.html": [
			1
		],
		"html/recurse/link27.html": [
			1
		],
		"html/recurse/link28.html": [
			1
		],
		"html/recurse/link29.html": [
			1
		],
		"html/recurse/link30.html": [
			1
		],
		"html/recurse/link31.html": [
			1
		],
		"html/recurse/link32.html": [
			1
		],
		"html/recurse/link33.html": [
			1
		],
		"html/recurse/link34.html": [
			1
		],
		"html/recurse/link35.html": [
			1
		],
		"html/recurse/link36.html": [
			1
		],
		"html/recurse/link37.html": [
			1
		],
		"html/recurse/link38.html": [
			1
		],
		"html/recurse/link39.html": [
			1
		],
		"html/recurse/link40.html": [
			1
		],
		"html/recurse/link41.html": [
			1
		],
		"html/recurse/link42.html": [
			1
		],
		"html/recurse/link43.html": [
			1
		],
		"html/recurse/link44.html": [
			1
		],
		"html/recurse/link45.html": [
			1
		],
		"html/recurse/link46.html": [
			1
		],
		"html/recurse/link47.html": [
			1
		],
		"html/recurse/link48.html": [
			1
		],
		"html/recurse/link49.html": [
			1
		],
		"html/recurse/link50.html": [
			1
		],
		"html/recurse/link51.html": [
			1
		]
	}
}