{
	"a": {
		"http://cs.usfca.edu/~cs212/wdgcss/properties.html": [
			9
		]
	},
	"alignment": {
		"http://cs.usfca.edu/~cs212/wdgcss/properties.html": [
			56,
			60
		]
	},
	"all": {
		"http://cs.usfca.edu/~cs212/wdgcss/properties.html": [
			158
		]
	},
	"also": {
		"http://cs.usfca.edu/~cs212/wdgcss/properties.html": [
			6
		]
	},
	"and": {
		"http://cs.usfca.edu/~cs212/wdgcss/properties.html": [
			32,
			143,
			155
		]
	},
	"as": {
		"http://cs.usfca.edu/~cs212/wdgcss/properties.html": [
			8
		]
	},
	"attachment": {
		"http://cs.usfca.edu/~cs212/wdgcss/properties.html": [
			43
		]
	},
	"available": {
		"http://cs.usfca.edu/~cs212/wdgcss/properties.html": [
			7
		]
	},
	"background": {
		"http://cs.usfca.edu/~cs212/wdgcss/properties.html": [
			33,
			36,
			38,
			40,
			42,
			44,
			46
		]
	},
	"border": {
		"http://cs.usfca.edu/~cs212/wdgcss/properties.html": [
			86,
			89,
			92,
			95,
			97,
			99,
			101,
			104,
			106,
			108,
			110,
			111
		]
	},
	"bottom": {
		"http://cs.usfca.edu/~cs212/wdgcss/properties.html": [
			71,
			80,
			91,
			107
		]
	},
	"box": {
		"http://cs.usfca.edu/~cs212/wdgcss/properties.html": [
			65
		]
	},
	"by": {
		"http://cs.usfca.edu/~cs212/wdgcss/properties.html": [
			140
		]
	},
	"classification": {
		"http://cs.usfca.edu/~cs212/wdgcss/properties.html": [
			116
		]
	},
	"clear": {
		"http://cs.usfca.edu/~cs212/wdgcss/properties.html": [
			115
		]
	},
	"color": {
		"http://cs.usfca.edu/~cs212/wdgcss/properties.html": [
			31,
			35,
			37,
			100,
			136
		]
	},
	"copyright": {
		"http://cs.usfca.edu/~cs212/wdgcss/properties.html": [
			152
		]
	},
	"css": {
		"http://cs.usfca.edu/~cs212/wdgcss/properties.html": [
			1,
			146,
			148,
			150
		]
	},
	"decoration": {
		"http://cs.usfca.edu/~cs212/wdgcss/properties.html": [
			54
		]
	},
	"definitions": {
		"http://cs.usfca.edu/~cs212/wdgcss/properties.html": [
			17
		]
	},
	"display": {
		"http://cs.usfca.edu/~cs212/wdgcss/properties.html": [
			118
		]
	},
	"document": {
		"http://cs.usfca.edu/~cs212/wdgcss/properties.html": [
			11
		]
	},
	"family": {
		"http://cs.usfca.edu/~cs212/wdgcss/properties.html": [
			21
		]
	},
	"float": {
		"http://cs.usfca.edu/~cs212/wdgcss/properties.html": [
			114
		]
	},
	"font": {
		"http://cs.usfca.edu/~cs212/wdgcss/properties.html": [
			18,
			20,
			22,
			24,
			26,
			28,
			30
		]
	},
	"height": {
		"http://cs.usfca.edu/~cs212/wdgcss/properties.html": [
			64,
			113
		]
	},
	"image": {
		"http://cs.usfca.edu/~cs212/wdgcss/properties.html": [
			39,
			125
		]
	},
	"in": {
		"http://cs.usfca.edu/~cs212/wdgcss/properties.html": [
			15
		]
	},
	"indentation": {
		"http://cs.usfca.edu/~cs212/wdgcss/properties.html": [
			62
		]
	},
	"index": {
		"http://cs.usfca.edu/~cs212/wdgcss/properties.html": [
			147
		]
	},
	"is": {
		"http://cs.usfca.edu/~cs212/wdgcss/properties.html": [
			5
		]
	},
	"john": {
		"http://cs.usfca.edu/~cs212/wdgcss/properties.html": [
			141,
			153
		]
	},
	"kb": {
		"http://cs.usfca.edu/~cs212/wdgcss/properties.html": [
			12
		]
	},
	"left": {
		"http://cs.usfca.edu/~cs212/wdgcss/properties.html": [
			73,
			82,
			94,
			109
		]
	},
	"length": {
		"http://cs.usfca.edu/~cs212/wdgcss/properties.html": [
			132
		]
	},
	"letter": {
		"http://cs.usfca.edu/~cs212/wdgcss/properties.html": [
			51
		]
	},
	"liam": {
		"http://cs.usfca.edu/~cs212/wdgcss/properties.html": [
			144,
			156
		]
	},
	"line": {
		"http://cs.usfca.edu/~cs212/wdgcss/properties.html": [
			63
		]
	},
	"list": {
		"http://cs.usfca.edu/~cs212/wdgcss/properties.html": [
			120,
			123,
			126,
			129
		]
	},
	"maintained": {
		"http://cs.usfca.edu/~cs212/wdgcss/properties.html": [
			139
		]
	},
	"margin": {
		"http://cs.usfca.edu/~cs212/wdgcss/properties.html": [
			68,
			70,
			72,
			74,
			75
		]
	},
	"padding": {
		"http://cs.usfca.edu/~cs212/wdgcss/properties.html": [
			77,
			79,
			81,
			83,
			84
		]
	},
	"percentage": {
		"http://cs.usfca.edu/~cs212/wdgcss/properties.html": [
			134
		]
	},
	"position": {
		"http://cs.usfca.edu/~cs212/wdgcss/properties.html": [
			45,
			128
		]
	},
	"pozadzides": {
		"http://cs.usfca.edu/~cs212/wdgcss/properties.html": [
			142,
			154
		]
	},
	"properties": {
		"http://cs.usfca.edu/~cs212/wdgcss/properties.html": [
			2,
			19,
			34,
			48,
			66,
			117,
			151
		]
	},
	"property": {
		"http://cs.usfca.edu/~cs212/wdgcss/properties.html": [
			16
		]
	},
	"quinn": {
		"http://cs.usfca.edu/~cs212/wdgcss/properties.html": [
			145,
			157
		]
	},
	"repeat": {
		"http://cs.usfca.edu/~cs212/wdgcss/properties.html": [
			41
		]
	},
	"reserved": {
		"http://cs.usfca.edu/~cs212/wdgcss/properties.html": [
			160
		]
	},
	"right": {
		"http://cs.usfca.edu/~cs212/wdgcss/properties.html": [
			69,
			78,
			88,
			105
		]
	},
	"rights": {
		"http://cs.usfca.edu/~cs212/wdgcss/properties.html": [
			159
		]
	},
	"section": {
		"http://cs.usfca.edu/~cs212/wdgcss/properties.html": [
			4
		]
	},
	"single": {
		"http://cs.usfca.edu/~cs212/wdgcss/properties.html": [
			10
		]
	},
	"size": {
		"http://cs.usfca.edu/~cs212/wdgcss/properties.html": [
			29
		]
	},
	"spacing": {
		"http://cs.usfca.edu/~cs212/wdgcss/properties.html": [
			50,
			52
		]
	},
	"structure": {
		"http://cs.usfca.edu/~cs212/wdgcss/properties.html": [
			149
		]
	},
	"style": {
		"http://cs.usfca.edu/~cs212/wdgcss/properties.html": [
			23,
			102,
			121,
			124,
			127,
			130
		]
	},
	"syntax": {
		"http://cs.usfca.edu/~cs212/wdgcss/properties.html": [
			13
		]
	},
	"text": {
		"http://cs.usfca.edu/~cs212/wdgcss/properties.html": [
			47,
			53,
			57,
			59,
			61
		]
	},
	"this": {
		"http://cs.usfca.edu/~cs212/wdgcss/properties.html": [
			3
		]
	},
	"top": {
		"http://cs.usfca.edu/~cs212/wdgcss/properties.html": [
			67,
			76,
			85,
			103
		]
	},
	"transformation": {
		"http://cs.usfca.edu/~cs212/wdgcss/properties.html": [
			58
		]
	},
	"type": {
		"http://cs.usfca.edu/~cs212/wdgcss/properties.html": [
			122
		]
	},
	"units": {
		"http://cs.usfca.edu/~cs212/wdgcss/properties.html": [
			131,
			133,
			135,
			137
		]
	},
	"urls": {
		"http://cs.usfca.edu/~cs212/wdgcss/properties.html": [
			138
		]
	},
	"used": {
		"http://cs.usfca.edu/~cs212/wdgcss/properties.html": [
			14
		]
	},
	"variant": {
		"http://cs.usfca.edu/~cs212/wdgcss/properties.html": [
			25
		]
	},
	"vertical": {
		"http://cs.usfca.edu/~cs212/wdgcss/properties.html": [
			55
		]
	},
	"weight": {
		"http://cs.usfca.edu/~cs212/wdgcss/properties.html": [
			27
		]
	},
	"whitespace": {
		"http://cs.usfca.edu/~cs212/wdgcss/properties.html": [
			119
		]
	},
	"width": {
		"http://cs.usfca.edu/~cs212/wdgcss/properties.html": [
			87,
			90,
			93,
			96,
			98,
			112
		]
	},
	"word": {
		"http://cs.usfca.edu/~cs212/wdgcss/properties.html": [
			49
		]
	}
}